RESET ["for a in [{'action':'keypress','keys':['L'],'modifiers':['ctrl']},{'action':'type','text':'http://10.0.2.2:18106/expanded.html?case='+case},{'action':'keypress','keys':['Enter']}]:"]
FIRST_INPUT {'action': 'click', 'node_id': 'uia:win:1272:60496:55', 'frame_id': 'win:5124:1791264649726296300:5'}
surface {'app': 'Chrome_WidgetWin_1', 'bounds': {'height': 736.0, 'width': 1040.0, 'x': -8.0, 'y': -8.0}, 'focused': True, 'frontmost': True, 'minimized': False, 'pid': 1272, 'surface_id': 'win:1272:60496', 'title': 'XHarness Shopping Load Lab - 用户配置 1 - Microsoft\u200b Edge'}
surface {'app': 'ThumbnailDeviceHelperWnd', 'bounds': {'height': 1.0, 'width': 1.0, 'x': 0.0, 'y': 0.0}, 'focused': False, 'frontmost': False, 'minimized': False, 'pid': 4248, 'surface_id': 'win:4248:503d6', 'title': ''}
surface {'app': 'ThumbnailDeviceHelperWnd', 'bounds': {'height': 1.0, 'width': 1.0, 'x': 0.0, 'y': 0.0}, 'focused': False, 'frontmost': False, 'minimized': False, 'pid': 4248, 'surface_id': 'win:4248:103a4', 'title': ''}
surface {'app': 'Shell_TrayWnd', 'bounds': {'height': 48.0, 'width': 1024.0, 'x': 0.0, 'y': 720.0}, 'focused': False, 'frontmost': False, 'minimized': False, 'pid': 4248, 'surface_id': 'win:4248:100d8', 'title': ''}
surface {'app': 'Chrome_WidgetWin_1', 'bounds': {'height': 736.0, 'width': 1040.0, 'x': -8.0, 'y': -8.0}, 'focused': False, 'frontmost': False, 'minimized': False, 'pid': 1272, 'surface_id': 'win:1272:1e040e', 'title': 'XHarness Shopping Load Lab - 用户配置 1 - Microsoft\u200b Edge'}
surface {'app': 'CASCADIA_HOSTING_WINDOW_CLASS', 'bounds': {'height': 635.0, 'width': 1044.0, 'x': 96.0, 'y': 104.0}, 'focused': False, 'frontmost': False, 'minimized': False, 'pid': 8792, 'surface_id': 'win:8792:c0194', 'title': 'Windows PowerShell'}
surface {'app': 'Chrome_WidgetWin_1', 'bounds': {'height': 736.0, 'width': 1040.0, 'x': -8.0, 'y': -8.0}, 'focused': False, 'frontmost': False, 'minimized': False, 'pid': 1272, 'surface_id': 'win:1272:1f0444', 'title': 'XHarness Shopping Load Lab - 用户配置 1 - Microsoft\u200b Edge'}
surface {'app': 'Chrome_WidgetWin_1', 'bounds': {'height': 736.0, 'width': 1040.0, 'x': -8.0, 'y': -8.0}, 'focused': False, 'frontmost': False, 'minimized': False, 'pid': 1272, 'surface_id': 'win:1272:16045a', 'title': 'XHarness Shopping Load Lab - 用户配置 1 - Microsoft\u200b Edge'}
surface {'app': 'Chrome_WidgetWin_1', 'bounds': {'height': 736.0, 'width': 1040.0, 'x': -8.0, 'y': -8.0}, 'focused': False, 'frontmost': False, 'minimized': False, 'pid': 1272, 'surface_id': 'win:1272:8a03ee', 'title': 'XHarness Shopping Load Lab - 用户配置 1 - Microsoft\u200b Edge'}
surface {'app': 'Chrome_WidgetWin_1', 'bounds': {'height': 736.0, 'width': 1040.0, 'x': -8.0, 'y': -8.0}, 'focused': False, 'frontmost': False, 'minimized': False, 'pid': 1272, 'surface_id': 'win:1272:7e03ba', 'title': 'XHarness Shopping Load Lab - 用户配置 1 - Microsoft\u200b Edge'}
surface {'app': 'Chrome_WidgetWin_1', 'bounds': {'height': 736.0, 'width': 1040.0, 'x': -8.0, 'y': -8.0}, 'focused': False, 'frontmost': False, 'minimized': False, 'pid': 1272, 'surface_id': 'win:1272:6503f0', 'title': 'XHarness Shopping Load Lab - 用户配置 1 - Microsoft\u200b Edge'}
surface {'app': 'Chrome_WidgetWin_1', 'bounds': {'height': 736.0, 'width': 1040.0, 'x': -8.0, 'y': -8.0}, 'focused': False, 'frontmost': False, 'minimized': False, 'pid': 1272, 'surface_id': 'win:1272:3a03de', 'title': 'XHarness Shopping Load Lab - 用户配置 1 - Microsoft\u200b Edge'}
surface {'app': 'Chrome_WidgetWin_1', 'bounds': {'height': 736.0, 'width': 1040.0, 'x': -8.0, 'y': -8.0}, 'focused': False, 'frontmost': False, 'minimized': False, 'pid': 1272, 'surface_id': 'win:1272:2703e6', 'title': 'XHarness Shopping Load Lab - 用户配置 1 - Microsoft\u200b Edge'}
surface {'app': 'Chrome_WidgetWin_1', 'bounds': {'height': 736.0, 'width': 1040.0, 'x': -8.0, 'y': -8.0}, 'focused': False, 'frontmost': False, 'minimized': False, 'pid': 1272, 'surface_id': 'win:1272:f0396', 'title': 'XHarness Shopping Load Lab - 用户配置 1 - Microsoft\u200b Edge'}
surface {'app': 'Chrome_WidgetWin_1', 'bounds': {'height': 736.0, 'width': 1040.0, 'x': -8.0, 'y': -8.0}, 'focused': False, 'frontmost': False, 'minimized': False, 'pid': 1272, 'surface_id': 'win:1272:190378', 'title': 'XHarness Shopping Load Lab - 用户配置 1 - Microsoft\u200b Edge'}
surface {'app': 'Chrome_WidgetWin_1', 'bounds': {'height': 736.0, 'width': 1040.0, 'x': -8.0, 'y': -8.0}, 'focused': False, 'frontmost': False, 'minimized': False, 'pid': 1272, 'surface_id': 'win:1272:1d0346', 'title': '1TB NVMe SSD | Newegg.com - 用户配置 1 - Microsoft\u200b Edge'}
surface {'app': 'Chrome_WidgetWin_1', 'bounds': {'height': 736.0, 'width': 1040.0, 'x': -8.0, 'y': -8.0}, 'focused': False, 'frontmost': False, 'minimized': False, 'pid': 1272, 'surface_id': 'win:1272:e037e', 'title': 'XHarness Shopping Load Lab - 用户配置 1 - Microsoft\u200b Edge'}
surface {'app': 'Chrome_WidgetWin_1', 'bounds': {'height': 736.0, 'width': 1040.0, 'x': -8.0, 'y': -8.0}, 'focused': False, 'frontmost': False, 'minimized': False, 'pid': 1272, 'surface_id': 'win:1272:1e0372', 'title': '自定义浏览器 和另外 2 个页面 - 用户配置 1 - Microsoft\u200b Edge'}
surface {'app': 'Windows.UI.Core.CoreWindow', 'bounds': {'height': 768.0, 'width': 1024.0, 'x': 0.0, 'y': 0.0}, 'focused': False, 'frontmost': False, 'minimized': False, 'pid': 8124, 'surface_id': 'win:8124:30192', 'title': 'Windows 输入体验'}
surface {'app': 'EdgeUiInputTopWndClass', 'bounds': {'height': 4.0, 'width': 1009.0, 'x': 15.0, 'y': 0.0}, 'focused': False, 'frontmost': False, 'minimized': False, 'pid': 4248, 'surface_id': 'win:4248:10160', 'title': ''}
surface {'app': 'Progman', 'bounds': {'height': 768.0, 'width': 1024.0, 'x': 0.0, 'y': 0.0}, 'focused': False, 'frontmost': False, 'minimized': False, 'pid': 4248, 'surface_id': 'win:4248:100fe', 'title': 'Program Manager'}
INPUT_NODE {'actions': ['focus'], 'bounds': {'height': 13.0, 'width': 13.0, 'x': 32.0, 'y': 242.0}, 'context_only': False, 'depth': 13, 'enabled': True, 'focused': False, 'in_region': True, 'label': 'TLC only', 'node_id': 'uia:win:1272:60496:55', 'parent_id': 'uia:win:1272:60496:53', 'role': 'checkbox', 'surface_id': 'win:1272:60496', 'value': None, 'value_state': 'not_applicable', 'value_truncated': False, 'visible': True}
OTHER_COLLECTOR {'type': 'filter', 'scenario': 'filter', 'seq': 2, 'detail': {}, 'tlc': True, 'order': 'default', 'host_received_utc': '2026-10-06T13:31:16.073558+00:00'}
OTHER_COLLECTOR {'type': 'sort', 'scenario': 'filter', 'seq': 3, 'detail': {}, 'tlc': True, 'order': 'asc', 'host_received_utc': '2026-10-06T13:33:01.268329+00:00'}
OTHER_COLLECTOR {'type': 'scroll', 'scenario': 'filter', 'seq': 4, 'detail': {}, 'tlc': True, 'order': 'asc', 'host_received_utc': '2026-10-06T13:33:53.369839+00:00'}
OTHER_COLLECTOR {'type': 'select_compare', 'scenario': 'filter', 'seq': 5, 'detail': {'id': 'orion', 'checked': True}, 'tlc': True, 'order': 'asc', 'host_received_utc': '2026-10-06T13:34:34.625376+00:00'}
OTHER_COLLECTOR {'type': 'select_compare', 'scenario': 'filter', 'seq': 6, 'detail': {'id': 'lyra', 'checked': True}, 'tlc': True, 'order': 'asc', 'host_received_utc': '2026-10-06T13:35:36.640747+00:00'}
OTHER_COLLECTOR {'type': 'scroll', 'scenario': 'filter', 'seq': 7, 'detail': {}, 'tlc': True, 'order': 'asc', 'host_received_utc': '2026-10-06T13:36:24.096415+00:00'}
OTHER_COLLECTOR {'type': 'compare', 'scenario': 'filter', 'seq': 8, 'detail': {'ids': ['orion', 'lyra']}, 'tlc': True, 'order': 'asc', 'host_received_utc': '2026-10-06T13:37:13.442365+00:00'}
